Course ID,End Date,Username,Email,Cohort,Days Active This Week,Unique Problems Attempted,Total Problem Attempts,Unique Problems Correct,Unique Videos Played,Discussion Posts,Discussion Responses,Discussion Comments,Textbook Pages Viewed,URL of Last Subsection Viewed
course-v1:edX+DemoX+Demo_Course_2015,2015-04-12,audit,audit@example.com,new-cohort,0,0,0,0,0,0,0,0,0,
course-v1:edX+DemoX+Demo_Course_2015,2015-04-12,honor,honor@example.com,,2,0,0,0,1,2,2,2,2,/courses/course-v1:edX+DemoX+Demo_Course_2015/courseware/0000a04c5dfc4a10b44f58a0a660c354/1d7fe440faa24b16a49166e70c731274/1
course-v1:edX+DemoX+Demo_Course_2015,2015-04-12,verified,verified@example.com,additional-cohort,1,0,0,0,1,1,1,1,1,/courses/course-v1:edX+DemoX+Demo_Course_2015/courseware/0000a04c5dfc4a10b44f58a0a660c354/1d7fe440faa24b16a49166e70c731274/1
