Course ID,End Date,Username,Email,Cohort,Days Active This Week,Unique Problems Attempted,Total Problem Attempts,Unique Problems Correct,Unique Videos Played,Discussion Posts,Discussion Responses,Discussion Comments,Textbook Pages Viewed,URL of Last Subsection Viewed
edX/DemoX/Demo_Course_2,2015-04-12,audit,audit@example.com,,0,0,0,0,0,0,0,0,0,
edX/DemoX/Demo_Course_2,2015-04-12,honor,honor@example.com,,0,0,0,0,0,0,0,0,0,
edX/DemoX/Demo_Course_2,2015-04-12,staff,staff@example.com,,0,0,0,0,0,0,0,0,0,
edX/DemoX/Demo_Course_2,2015-04-12,verified,verified@example.com,,0,0,0,0,0,0,0,0,0,
