Course ID,End Date,Username,Email,Cohort,Days Active This Week,Unique Problems Attempted,Total Problem Attempts,Unique Problems Correct,Unique Videos Played,Discussion Posts,Discussion Responses,Discussion Comments,Textbook Pages Viewed,URL of Last Subsection Viewed
edX/DemoX/Demo_Course_2,2015-04-19,audit,audit@example.com,,0,0,0,0,0,0,0,0,0,
edX/DemoX/Demo_Course_2,2015-04-19,honor,honor@example.com,,2,1,1,0,1,1,1,1,1,/courses/edX/DemoX/Demo_Course_2/courseware/d8a6192ade314473a78242dfeedfbf5b/edx_introduction/1
edX/DemoX/Demo_Course_2,2015-04-19,staff,staff@example.com,,2,1,1,0,1,1,1,1,1,/courses/edX/DemoX/Demo_Course_2/courseware/d8a6192ade314473a78242dfeedfbf5b/edx_introduction/1
edX/DemoX/Demo_Course_2,2015-04-19,verified,verified@example.com,,0,0,0,0,0,0,0,0,0,
